******************************************************************************
                  TI ARM Linker PC v18.12.3                    
******************************************************************************
>> Linked Thu Nov  7 21:23:24 2019

OUTPUT FILE NAME:   <ADC.out>
ENTRY POINT SYMBOL: "_c_int00"  address: 00006894


MEMORY CONFIGURATION

         name            origin    length      used     unused   attr    fill
----------------------  --------  ---------  --------  --------  ----  --------
  VECTORS               00000000   00000020  00000020  00000000     X
  FLASH0                00000020   0017ffe0  000076a0  00178940  R  X
  FLASH1                00180000   00180000  00000000  00180000  R  X
  STACKS                08000000   00001500  00000000  00001500  RW  
  RAM                   08001500   0003eb00  00000036  0003eaca  RW  


SEGMENT ALLOCATION MAP

run origin  load origin   length   init length attrs members
----------  ----------- ---------- ----------- ----- -------
00000000    00000000    000076c4   000076c4    r-x
  00000000    00000000    00000020   00000020    r-x .intvecs
  00000020    00000020    000074dc   000074dc    r-x .text
  000074fc    000074fc    000001b0   000001b0    r-- .const
  000076b0    000076b0    00000014   00000014    r-- .cinit
08001500    08001500    00000036   00000000    rw-
  08001500    08001500    00000036   00000000    rw- .bss


SECTION ALLOCATION MAP

 output                                  attributes/
section   page    origin      length       input sections
--------  ----  ----------  ----------   ----------------
.intvecs   0    00000000    00000020     
                  00000000    00000020     sys_intvecs.obj (.intvecs)

.text      0    00000020    000074dc     
                  00000020    00002cdc     sys_selftest.obj (.text)
                  00002cfc    00000b58     system.obj (.text)
                  00003854    00000aec     adc.obj (.text)
                  00004340    00000898     sys_vim.obj (.text)
                  00004bd8    000007b8     sci.obj (.text)
                  00005390    00000664     errata_SSWF021_45.obj (.text)
                  000059f4    000005bc     esm.obj (.text)
                  00005fb0    00000598     pinmux.obj (.text)
                  00006548    0000034c     sys_core.obj (.text)
                  00006894    000002ac     sys_startup.obj (.text:retain)
                  00006b40    00000290     sys_vim.obj (.text:retain)
                  00006dd0    00000114     esm.obj (.text:retain)
                  00006ee4    00000104     sys_main.obj (.text)
                  00006fe8    000000e8     dabort.obj (.text)
                  000070d0    000000e0     rtsv7R4_T_le_v3D16_eabi.lib : s_floor.c.obj (.text:floor)
                  000071b0    000000e0     sys_pmu.obj (.text)
                  00007290    0000009c     rtsv7R4_T_le_v3D16_eabi.lib : memcpy_t2.asm.obj (.text)
                  0000732c    00000094     notification.obj (.text)
                  000073c0    0000007a     rtsv7R4_T_le_v3D16_eabi.lib : memset_t2.asm.obj (.text)
                  0000743a    00000054                                 : ltoa.c.obj (.text:ltoa)
                  0000748e    00000002     --HOLE-- [fill = 0]
                  00007490    00000044                                 : autoinit.c.obj (.text:__TI_auto_init_nobinit_nopinit:__TI_auto_init_nobinit_nopinit)
                  000074d4    0000001c                                 : copy_zero_init.c.obj (.text:decompress:ZI:__TI_zero_init_nomemset:__TI_zero_init_nomemset)
                  000074f0    00000004                                 : exit.c.obj (.text:abort:abort)
                  000074f4    00000004     sys_phantom.obj (.text:retain)
                  000074f8    00000004     sys_startup.obj (.text)

.const     0    000074fc    000001b0     
                  000074fc    00000180     sys_vim.obj (.const:s_vim_init)
                  0000767c    00000018     adc.obj (.const:s_adcFiFoSize)
                  00007694    00000018     adc.obj (.const:s_adcSelect)

.cinit     0    000076b0    00000014     
                  000076b0    00000008     (.cinit..bss.load) [load image, compression = zero_init]
                  000076b8    00000004     (__TI_handler_table)
                  000076bc    00000008     (__TI_cinit_table)

.bss       0    08001500    00000036     UNINITIALIZED
                  08001500    00000028     sci.obj (.bss:g_sciTransfer_t)
                  08001528    00000008     (.common:command)
                  08001530    00000004     (.common:NumberOfChars)
                  08001534    00000002     (.common:value)

MODULE SUMMARY

       Module                  code    ro data   rw data
       ------                  ----    -------   -------
    .\source\
       sys_selftest.obj        11484   0         0      
       sys_vim.obj             2856    384       0      
       system.obj              2904    0         0      
       adc.obj                 2796    48        0      
       sci.obj                 1976    0         40     
       esm.obj                 1744    0         0      
       errata_SSWF021_45.obj   1636    0         0      
       pinmux.obj              1432    0         0      
       sys_core.obj            844     0         0      
       sys_startup.obj         688     0         0      
       sys_main.obj            260     0         14     
       dabort.obj              232     0         0      
       sys_pmu.obj             224     0         0      
       notification.obj        148     0         0      
       sys_intvecs.obj         32      0         0      
       sys_phantom.obj         4       0         0      
    +--+-----------------------+-------+---------+---------+
       Total:                  29260   432       54     
                                                        
    E:/ti/ccs920/ccs/tools/compiler/ti-cgt-arm_18.12.3.LTS/lib/rtsv7R4_T_le_v3D16_eabi.lib
       s_floor.c.obj           224     0         0      
       memcpy_t2.asm.obj       156     0         0      
       memset_t2.asm.obj       122     0         0      
       ltoa.c.obj              84      0         0      
       autoinit.c.obj          68      0         0      
       copy_zero_init.c.obj    28      0         0      
       exit.c.obj              4       0         0      
    +--+-----------------------+-------+---------+---------+
       Total:                  686     0         0      
                                                        
       Linker Generated:       0       20        0      
    +--+-----------------------+-------+---------+---------+
       Grand Total:            29946   452       54     


LINKER GENERATED COPY TABLES

__TI_cinit_table @ 000076bc records: 1, size/record: 8, table size: 8
	.bss: load addr=000076b0, load size=00000008 bytes, run addr=08001500, run size=00000036 bytes, compression=zero_init


LINKER GENERATED HANDLER TABLE

__TI_handler_table @ 000076b8 records: 1, size/record: 4, table size: 4
	index: 0, handler: __TI_zero_init


GLOBAL SYMBOLS: SORTED ALPHABETICALLY BY Name 

address   name                                
-------   ----                                
000074f1  C$$EXIT                             
08001530  NumberOfChars                       
UNDEFED   SHT$$INIT_ARRAY$$Base               
UNDEFED   SHT$$INIT_ARRAY$$Limit              
000076bc  __TI_CINIT_Base                     
000076c4  __TI_CINIT_Limit                    
000076b8  __TI_Handler_Table_Base             
000076bc  __TI_Handler_Table_Limit            
0000688c  __TI_PINIT_Base                     
00006890  __TI_PINIT_Limit                    
00007491  __TI_auto_init_nobinit_nopinit      
ffffffff  __TI_pprof_out_hndl                 
ffffffff  __TI_prof_data_size                 
ffffffff  __TI_prof_data_start                
00000000  __TI_static_base__                  
000074d5  __TI_zero_init_nomemset             
000073c1  __aeabi_memclr                      
000073c1  __aeabi_memclr4                     
000073c1  __aeabi_memclr8                     
00007291  __aeabi_memcpy                      
00007291  __aeabi_memcpy4                     
00007291  __aeabi_memcpy8                     
000073c3  __aeabi_memset                      
000073c3  __aeabi_memset4                     
000073c3  __aeabi_memset8                     
ffffffff  __binit__                           
ffffffff  __c_args__                          
00006894  _c_int00                            
000067a4  _coreClearAuxiliaryDataFault_       
000067b8  _coreClearAuxiliaryInstructionFault_
0000677c  _coreClearDataFaultAddress_         
00006754  _coreClearDataFault_                
00006790  _coreClearInstructionFaultAddress_  
00006768  _coreClearInstructionFault_         
000066e8  _coreDisableEventBusExport_         
0000672c  _coreDisableFlashEcc_               
00006708  _coreDisableRamEcc_                 
000066d8  _coreEnableEventBusExport_          
00006718  _coreEnableFlashEcc_                
0000673c  _coreEnableIrqVicOffset_            
000066f8  _coreEnableRamEcc_                  
000066c0  _coreEnableVfp_                     
0000679c  _coreGetAuxiliaryDataFault_         
000067b0  _coreGetAuxiliaryInstructionFault_  
00006774  _coreGetDataFaultAddress_           
0000674c  _coreGetDataFault_                  
00006788  _coreGetInstructionFaultAddress_    
00006760  _coreGetInstructionFault_           
00006548  _coreInitRegisters_                 
00006654  _coreInitStackPointer_              
00006fe8  _dabort                             
000067cc  _disable_FIQ_interrupt_             
000067d4  _disable_IRQ_interrupt_             
000067c4  _disable_interrupt_                 
000067dc  _enable_interrupt_                  
0000686c  _errata_CORTEXR4_57_                
0000687c  _errata_CORTEXR4_66_                
00005390  _errata_SSWF021_45_both_plls        
00005584  _errata_SSWF021_45_pll1             
000056fc  _errata_SSWF021_45_pll2             
000067e4  _esmCcmErrorsClear_                 
000066a0  _getCPSRValue_                      
000066a8  _gotoCPUIdle_                       
0000720c  _pmuDisableCountersGlobal_          
000071fc  _pmuEnableCountersGlobal_           
00007268  _pmuGetCycleCount_                  
00007270  _pmuGetEventCount_                  
0000727c  _pmuGetOverflow_                    
000071b0  _pmuInit_                           
0000723c  _pmuResetCounters_                  
0000721c  _pmuResetCycleCounter_              
0000722c  _pmuResetEventCounters_             
0000725c  _pmuSetCountEvent_                  
0000724c  _pmuStartCounters_                  
00007254  _pmuStopCounters_                   
UNDEFED   _system_post_cinit                  
000074f1  abort                               
000040d0  adc1GetConfigValue                  
0000126c  adc1ParityCheck                     
00001358  adc2ParityCheck                     
00003cac  adcCalibration                      
00004070  adcDisableNotification              
00004020  adcEnableNotification               
00003a84  adcGetData                          
000040b8  adcGetEVTPin                        
00003854  adcInit                             
00003c7c  adcIsConversionComplete             
00003c4c  adcIsFifoFull                       
00003e84  adcMidPointCalibration              
00006f84  adcNotification                     
00003a5c  adcResetFiFo                        
00004098  adcSetEVTPin                        
UNDEFED   adcStartConversasion                
000039b0  adcStartConversion                  
00003a34  adcStopConversion                   
ffffffff  binit                               
00001410  can1ParityCheck                     
000014e8  can2ParityCheck                     
000015b0  can3ParityCheck                     
00000030  ccmSelfCheck                        
000026fc  ccmr4GetConfigValue                 
00000938  checkB0RAMECC                       
00000b28  checkB1RAMECC                       
00001c18  checkClockMonitor                   
00000d18  checkFlashECC                       
00001cf4  checkFlashEEPROMECC                 
00001e8c  checkPLL1Slip                       
00001f8c  checkPLL2Slip                       
00002050  checkRAMAddrParity                  
000019d0  checkRAMECC                         
0000215c  checkRAMUERRTest                    
000007bc  checkefcSelfTest                    
08001528  command                             
00000234  cpuSelfTest                         
00000dfc  cpuSelfTestFail                     
00003780  customTrimLPO                       
00000df4  custom_dabort                       
00002b58  disableParity                       
000073ac  dmaGroupANotification               
00000eac  dmaParityCheck                      
00000660  efcCheck                            
00002660  efcGetConfigValue                   
00000794  efcSelfTest                         
000006e8  efcStuckZeroTest                    
00002ad0  enableParity                        
0000276c  errata_PBIST_4                      
00005b78  esmActivateNormalOperation          
00005c4c  esmClearStatus                      
00005c8c  esmClearStatusBuffer                
00005b40  esmDisableError                     
00005bb0  esmDisableInterrupt                 
00005b18  esmEnableError                      
00005b88  esmEnableInterrupt                  
00005d84  esmEnterSelfTest                    
00005afc  esmError                            
00005e5c  esmGetConfigValue                   
00005cc8  esmGetStatus                        
00005d4c  esmGetStatusBuffer                  
00006f98  esmGroup1Notification               
00006fa8  esmGroup2Notification               
00006dd0  esmHighInterrupt                    
000059f4  esmInit                             
00005e0c  esmSelfTestStatus                   
00005ca8  esmSetCounterPreloadValue           
00005bd8  esmSetInterruptLevel                
00005b68  esmTriggerErrorPinReset             
000070d1  floor                               
000070d1  floorl                              
000022c4  fmcBus1ParityCheck                  
0000085c  fmcBus2Check                        
00000898  fmcECCcheck                         
000074f8  handlePLLLockFail                   
00000f58  het1ParityCheck                     
000010c0  het2ParityCheck                     
00001004  htu1ParityCheck                     
000011bc  htu2ParityCheck                     
0000743b  ltoa                                
00006ee4  main                                
00002e64  mapClocks                           
00007291  memcpy                              
00000174  memoryInit                          
0000734c  memoryPort0TestFailNotification     
00007368  memoryPort1TestFailNotification     
000073c9  memset                              
00001684  mibspi1ParityCheck                  
0000178c  mibspi3ParityCheck                  
000018b0  mibspi5ParityCheck                  
00005fb0  muxInit                             
000023ec  pbistFail                           
00002470  pbistGetConfigValue                 
000005a8  pbistIsTestCompleted                
000005d4  pbistIsTestPassed                   
00000608  pbistPortTestStatus                 
000004ac  pbistRun                            
000002cc  pbistSelfCheck                      
00000578  pbistStop                           
00002e10  periphInit                          
000074f4  phantomInterrupt                    
000062a4  pinmuxGetConfigValue                
00000000  resetEntry                          
000050a0  sciDisableLoopback                  
0000512c  sciDisableNotification              
0000506c  sciEnableLoopback                   
000050c4  sciEnableNotification               
00005194  sciEnterResetState                  
000051b4  sciExitResetState                   
00004bd8  sciInit                             
00004f1c  sciIsIdleDetected                   
00004f00  sciIsRxReady                        
00004d80  sciIsTxReady                        
00006fb8  sciNotification                     
00004f94  sciReceive                          
00004f68  sciReceiveByte                      
00004f38  sciRxError                          
00004dcc  sciSend                             
00004d9c  sciSendByte                         
00004ce4  sciSetBaudrate                      
00004cc4  sciSetFunctional                    
000051d4  scilinGetConfigValue                
00000020  selftestFailNotification            
00002dd0  setupFlash                          
00002cfc  setupPLL                            
00003644  sramGetConfigValue                  
000025bc  stcGetConfigValue                   
000001b8  stcSelfCheck                        
00000df8  stcSelfCheckFail                    
00003084  systemGetConfigValue                
00002f88  systemInit                          
00003054  systemPowerDown                     
00003498  tcmflashGetConfigValue              
00002d5c  trimLPO                             
08001534  value                               
00004414  vimChannelMap                       
00004610  vimDisableInterrupt                 
000044b8  vimEnableInterrupt                  
00004694  vimGetConfigValue                   
00004340  vimInit                             
00000e00  vimParityCheck                      
00006b40  vimParityErrorHandler               


GLOBAL SYMBOLS: SORTED BY Symbol Address 

address   name                                
-------   ----                                
00000000  __TI_static_base__                  
00000000  resetEntry                          
00000020  selftestFailNotification            
00000030  ccmSelfCheck                        
00000174  memoryInit                          
000001b8  stcSelfCheck                        
00000234  cpuSelfTest                         
000002cc  pbistSelfCheck                      
000004ac  pbistRun                            
00000578  pbistStop                           
000005a8  pbistIsTestCompleted                
000005d4  pbistIsTestPassed                   
00000608  pbistPortTestStatus                 
00000660  efcCheck                            
000006e8  efcStuckZeroTest                    
00000794  efcSelfTest                         
000007bc  checkefcSelfTest                    
0000085c  fmcBus2Check                        
00000898  fmcECCcheck                         
00000938  checkB0RAMECC                       
00000b28  checkB1RAMECC                       
00000d18  checkFlashECC                       
00000df4  custom_dabort                       
00000df8  stcSelfCheckFail                    
00000dfc  cpuSelfTestFail                     
00000e00  vimParityCheck                      
00000eac  dmaParityCheck                      
00000f58  het1ParityCheck                     
00001004  htu1ParityCheck                     
000010c0  het2ParityCheck                     
000011bc  htu2ParityCheck                     
0000126c  adc1ParityCheck                     
00001358  adc2ParityCheck                     
00001410  can1ParityCheck                     
000014e8  can2ParityCheck                     
000015b0  can3ParityCheck                     
00001684  mibspi1ParityCheck                  
0000178c  mibspi3ParityCheck                  
000018b0  mibspi5ParityCheck                  
000019d0  checkRAMECC                         
00001c18  checkClockMonitor                   
00001cf4  checkFlashEEPROMECC                 
00001e8c  checkPLL1Slip                       
00001f8c  checkPLL2Slip                       
00002050  checkRAMAddrParity                  
0000215c  checkRAMUERRTest                    
000022c4  fmcBus1ParityCheck                  
000023ec  pbistFail                           
00002470  pbistGetConfigValue                 
000025bc  stcGetConfigValue                   
00002660  efcGetConfigValue                   
000026fc  ccmr4GetConfigValue                 
0000276c  errata_PBIST_4                      
00002ad0  enableParity                        
00002b58  disableParity                       
00002cfc  setupPLL                            
00002d5c  trimLPO                             
00002dd0  setupFlash                          
00002e10  periphInit                          
00002e64  mapClocks                           
00002f88  systemInit                          
00003054  systemPowerDown                     
00003084  systemGetConfigValue                
00003498  tcmflashGetConfigValue              
00003644  sramGetConfigValue                  
00003780  customTrimLPO                       
00003854  adcInit                             
000039b0  adcStartConversion                  
00003a34  adcStopConversion                   
00003a5c  adcResetFiFo                        
00003a84  adcGetData                          
00003c4c  adcIsFifoFull                       
00003c7c  adcIsConversionComplete             
00003cac  adcCalibration                      
00003e84  adcMidPointCalibration              
00004020  adcEnableNotification               
00004070  adcDisableNotification              
00004098  adcSetEVTPin                        
000040b8  adcGetEVTPin                        
000040d0  adc1GetConfigValue                  
00004340  vimInit                             
00004414  vimChannelMap                       
000044b8  vimEnableInterrupt                  
00004610  vimDisableInterrupt                 
00004694  vimGetConfigValue                   
00004bd8  sciInit                             
00004cc4  sciSetFunctional                    
00004ce4  sciSetBaudrate                      
00004d80  sciIsTxReady                        
00004d9c  sciSendByte                         
00004dcc  sciSend                             
00004f00  sciIsRxReady                        
00004f1c  sciIsIdleDetected                   
00004f38  sciRxError                          
00004f68  sciReceiveByte                      
00004f94  sciReceive                          
0000506c  sciEnableLoopback                   
000050a0  sciDisableLoopback                  
000050c4  sciEnableNotification               
0000512c  sciDisableNotification              
00005194  sciEnterResetState                  
000051b4  sciExitResetState                   
000051d4  scilinGetConfigValue                
00005390  _errata_SSWF021_45_both_plls        
00005584  _errata_SSWF021_45_pll1             
000056fc  _errata_SSWF021_45_pll2             
000059f4  esmInit                             
00005afc  esmError                            
00005b18  esmEnableError                      
00005b40  esmDisableError                     
00005b68  esmTriggerErrorPinReset             
00005b78  esmActivateNormalOperation          
00005b88  esmEnableInterrupt                  
00005bb0  esmDisableInterrupt                 
00005bd8  esmSetInterruptLevel                
00005c4c  esmClearStatus                      
00005c8c  esmClearStatusBuffer                
00005ca8  esmSetCounterPreloadValue           
00005cc8  esmGetStatus                        
00005d4c  esmGetStatusBuffer                  
00005d84  esmEnterSelfTest                    
00005e0c  esmSelfTestStatus                   
00005e5c  esmGetConfigValue                   
00005fb0  muxInit                             
000062a4  pinmuxGetConfigValue                
00006548  _coreInitRegisters_                 
00006654  _coreInitStackPointer_              
000066a0  _getCPSRValue_                      
000066a8  _gotoCPUIdle_                       
000066c0  _coreEnableVfp_                     
000066d8  _coreEnableEventBusExport_          
000066e8  _coreDisableEventBusExport_         
000066f8  _coreEnableRamEcc_                  
00006708  _coreDisableRamEcc_                 
00006718  _coreEnableFlashEcc_                
0000672c  _coreDisableFlashEcc_               
0000673c  _coreEnableIrqVicOffset_            
0000674c  _coreGetDataFault_                  
00006754  _coreClearDataFault_                
00006760  _coreGetInstructionFault_           
00006768  _coreClearInstructionFault_         
00006774  _coreGetDataFaultAddress_           
0000677c  _coreClearDataFaultAddress_         
00006788  _coreGetInstructionFaultAddress_    
00006790  _coreClearInstructionFaultAddress_  
0000679c  _coreGetAuxiliaryDataFault_         
000067a4  _coreClearAuxiliaryDataFault_       
000067b0  _coreGetAuxiliaryInstructionFault_  
000067b8  _coreClearAuxiliaryInstructionFault_
000067c4  _disable_interrupt_                 
000067cc  _disable_FIQ_interrupt_             
000067d4  _disable_IRQ_interrupt_             
000067dc  _enable_interrupt_                  
000067e4  _esmCcmErrorsClear_                 
0000686c  _errata_CORTEXR4_57_                
0000687c  _errata_CORTEXR4_66_                
0000688c  __TI_PINIT_Base                     
00006890  __TI_PINIT_Limit                    
00006894  _c_int00                            
00006b40  vimParityErrorHandler               
00006dd0  esmHighInterrupt                    
00006ee4  main                                
00006f84  adcNotification                     
00006f98  esmGroup1Notification               
00006fa8  esmGroup2Notification               
00006fb8  sciNotification                     
00006fe8  _dabort                             
000070d1  floor                               
000070d1  floorl                              
000071b0  _pmuInit_                           
000071fc  _pmuEnableCountersGlobal_           
0000720c  _pmuDisableCountersGlobal_          
0000721c  _pmuResetCycleCounter_              
0000722c  _pmuResetEventCounters_             
0000723c  _pmuResetCounters_                  
0000724c  _pmuStartCounters_                  
00007254  _pmuStopCounters_                   
0000725c  _pmuSetCountEvent_                  
00007268  _pmuGetCycleCount_                  
00007270  _pmuGetEventCount_                  
0000727c  _pmuGetOverflow_                    
00007291  __aeabi_memcpy                      
00007291  __aeabi_memcpy4                     
00007291  __aeabi_memcpy8                     
00007291  memcpy                              
0000734c  memoryPort0TestFailNotification     
00007368  memoryPort1TestFailNotification     
000073ac  dmaGroupANotification               
000073c1  __aeabi_memclr                      
000073c1  __aeabi_memclr4                     
000073c1  __aeabi_memclr8                     
000073c3  __aeabi_memset                      
000073c3  __aeabi_memset4                     
000073c3  __aeabi_memset8                     
000073c9  memset                              
0000743b  ltoa                                
00007491  __TI_auto_init_nobinit_nopinit      
000074d5  __TI_zero_init_nomemset             
000074f1  C$$EXIT                             
000074f1  abort                               
000074f4  phantomInterrupt                    
000074f8  handlePLLLockFail                   
000076b8  __TI_Handler_Table_Base             
000076bc  __TI_CINIT_Base                     
000076bc  __TI_Handler_Table_Limit            
000076c4  __TI_CINIT_Limit                    
08001528  command                             
08001530  NumberOfChars                       
08001534  value                               
ffffffff  __TI_pprof_out_hndl                 
ffffffff  __TI_prof_data_size                 
ffffffff  __TI_prof_data_start                
ffffffff  __binit__                           
ffffffff  __c_args__                          
ffffffff  binit                               
UNDEFED   SHT$$INIT_ARRAY$$Base               
UNDEFED   SHT$$INIT_ARRAY$$Limit              
UNDEFED   _system_post_cinit                  
UNDEFED   adcStartConversasion                

[219 symbols]
